nice: setpriority: Operation not permitted
    Finished `test` profile [unoptimized + debuginfo] target(s) in 0.03s
     Running unittests src/lib.rs (target/debug/deps/herdr_threads-aa425b885727aee3)

running 93 tests
test store::control::tests::accountable_observation_has_one_shape_and_legacy_rows_read_back_in_it ... ok
test store::control::tests::continuity_refuses_owned_target ... ok
test store::control::tests::continuity_reattaches_unique_session_match_on_held_target ... ok
test store::control::tests::continuity_refuses_zero_and_multiple_matches ... ok
test store::control::tests::coherent_target_change_updates_structural_generation ... ok
test store::control::tests::coherent_snapshots_keep_per_target_order_and_accept_ordered_empty_enumeration ... ok
test store::control::tests::continuity_never_matches_retired_sentinel_human_or_empty_sessions ... ok
test store::control::tests::continuity_never_writes_receipts ... ok
test store::control::tests::continuity_on_unowned_target_reattaches ... ok
test store::control::tests::continuity_on_owned_target_is_retryable_until_reconciled ... ok
test store::control::tests::continuity_opens_successor_cooperative_binding_in_the_deciding_transaction ... ok
test store::control::tests::continuity_without_match_is_retryable_until_reconciled ... ok
test store::control::tests::continuity_replay_returns_recorded_seat_and_generation ... ok
test store::control::tests::denied_observation_marks_saved_seat_unresolved_without_retirement ... ok
test store::control::tests::create_thread_persists_joined_creator_and_creation_audit ... ok
test store::control::tests::explicit_hold_pane_resolves_after_last_unresolved_seat_is_retired ... ok
test store::control::tests::continuity_of_last_unresolved_seat_lifts_hold ... ok
test store::control::tests::discarded_stage_cleans_up_in_bounded_reopenable_quanta ... ok
test store::control::tests::first_published_baseline_hold_survives_later_snapshots_and_operator_release ... ok
test store::control::tests::fresh_coherent_absence_retires_a_host_invalidated_seat ... ok
test store::control::tests::guarded_move_carries_unregistered_binding_despite_absent_occupant_evidence ... ok
test store::control::tests::guarded_absence_retirement_commits_one_fence_and_rejects_invalidation ... ok
test store::control::tests::guarded_move_preserves_binding ... ok
test store::control::tests::host_admission_orders_late_success_and_failure_without_false_absence ... ok
test store::control::tests::guarded_move_refuses_registered_binding_with_absent_occupant_evidence ... ok
test store::control::tests::guarded_reconciliation_rejects_stale_publication_and_binding ... ok
test store::control::tests::invalidation_seat_page_is_bounded_and_rejects_a_newer_host_decision ... ok
test store::control::tests::invalidated_seat_reconfirms_moved_terminal_without_restoring_registration ... ok
test store::control::tests::idle_retirement_quantum_returns_and_keeps_retained_error ... ok
test store::control::tests::invitation_rejection_human_retains_declared_human_provenance ... ok
test store::control::tests::invitation_rejection_leaves_message_receipts_and_deadlines_unchanged ... ok
test store::control::tests::invitation_rejection_history_does_not_expand_due_scan_work ... ok
test store::control::tests::inviting_directly_joined_creator_is_truthful_replayable_noop ... ok
test store::control::tests::joined_member_changes_topic_with_scoped_revision_and_audit ... ok
test store::control::tests::joined_voluntary_requirement_waits_for_new_acceptance_and_can_leave_first ... ok
test store::control::tests::invitation_rejection_accept_races_have_one_winner_and_reinvite_is_fresh ... ok
test store::control::tests::continuity_diagnostic_values_round_trip ... ok
test store::control::tests::daemon_start_clears_stuck_flag_and_open_holds_when_marker_matches ... ok
test store::control::tests::invitation_rejection_restores_left_only_from_recorded_leave_evidence ... ok
test store::control::tests::late_accept_in_archived_thread_warns_once_and_leave_keeps_receipts ... ok
test store::control::tests::large_snapshot_resumes_after_reopen_and_duplicate_rows_roll_back_the_quantum ... ok
test store::control::tests::lift_does_not_fire_while_an_unresolved_seat_remains ... ok
test store::control::tests::lift_requires_reconciliation_marker_for_current_recovery_boot_epoch ... ok
test store::control::tests::managed_release_preserves_upgraded_ordinary_invitation_and_its_deadline ... ok
test store::control::tests::managed_required_upgrade_preserves_deadline_and_demands_native_revision ... ok
test store::control::tests::managed_required_controls_preserve_left_history_and_independent_ordinary_invite ... ok
test store::control::tests::managed_release_cancels_only_required_invitation_and_replay_retains_history ... ok
test store::control::tests::operator_fresh_seat_lifts_when_no_unresolved_remains ... ok
test store::control::tests::operator_orphan_invite_uses_configured_duration_and_keeps_pending_deadline ... ok
test store::control::tests::old_fresh_row_cannot_authorize_direct_retirement_after_empty_publication ... ok
test store::control::tests::native_ordinary_offer_after_required_offer_can_be_accepted_after_join ... ok
test store::control::tests::invitation_rejection_refuses_required_upgrade_and_cancelled_or_retired_episode ... ok
test store::control::tests::operator_rebind_rejects_exhausted_binding_generation ... ok
test store::control::tests::invitation_rejection_requires_recipient_current_top_level_binding ... ok
test store::control::tests::operator_replace_refuses_when_new_does_not_own_the_pane_and_writes_nothing ... ok
test store::control::tests::operator_replace_retires_new_and_rebinds_old_atomically ... ok
test store::control::tests::ordinary_allocation_replay_returns_original_seat_after_retirement ... ok
test store::control::tests::operator_retire_retires_settles_and_audits ... ok
test store::control::tests::ordinary_resolution_cancelled_writer_wait_has_no_seat_or_operation_effect ... ok
test store::control::tests::ordinary_empty_allocation_retains_structural_identity_without_occupant_binding ... ok
test store::control::tests::operator_rebind_of_last_unresolved_seat_lifts_holds_in_same_transaction ... ok
test store::control::tests::ordinary_resolution_guard_rejects_unqualified_or_mismatched_read ... ok
test store::control::tests::mixed_retirement_preserves_committed_prefix_across_failed_quantum_and_reopen ... ok
test store::control::tests::pending_reinvite_keeps_first_deadline_and_new_invites_use_precedence ... ok
test store::control::tests::ordinary_resolution_returns_existing_owner_and_replays_through_host_loss_and_retirement ... ok
test store::control::tests::rebind_onto_owned_target_lists_both_resolutions ... ok
test store::control::tests::ordinary_resolution_two_keys_share_allocation_and_operation_namespace ... ok
test store::control::tests::reconciliation_retirement_of_last_unresolved_seat_lifts ... ok
test store::control::tests::partial_retirement_progress_after_failure_clears_error_before_completion ... ok
test store::control::tests::registration_rejects_exhausted_binding_generation_without_anchor ... ok
test store::control::tests::record_reconciliation_pass_writes_marker_only_for_current_recovery_publication ... ok
test store::control::tests::reconfirm_structure_of_last_unresolved_seat_lifts_and_not_before ... ok
test store::control::tests::recovery_snapshot_holds_all_unclaimed_targets_until_explicit_fresh_choice ... ok
test store::control::tests::registration_requires_and_records_reconfirmation_evidence ... ok
test store::control::tests::rejection_retains_reason_provenance_and_settles_only_invitation ... ok
test store::control::tests::retirement_cutover_makes_pending_requirement_terminal_before_bounded_cleanup ... ok
test store::control::tests::required_then_independent_ordinary_acceptance_keeps_one_join_interval ... ok
test store::control::tests::restoring_current_target_observation_bumps_send_eligibility_revision ... ok
test store::control::tests::retirement_fence_allows_orphan_invite_before_membership_cleanup ... ok
test store::control::tests::retirement_rejects_nonrepresentable_closure_evidence_before_fence ... ok
test store::control::tests::retirement_rejects_exhausted_binding_generation_before_fence ... ok
test store::control::tests::retirement_materializes_unprojected_manifest_receipts_in_bounded_turns ... ok
test store::control::tests::retirement_quantum_failure_retains_bounded_error_until_successful_progress ... ok
test store::control::tests::saved_seats_page_counts_physical_rows_and_uses_published_index ... ok
test store::control::tests::spent_snapshot_quantum_commits_its_prefix_and_staging_resumes ... ok
test store::control::tests::snapshot_rejects_nonrepresentable_host_numbers_without_changing_state ... ok
test store::control::tests::snapshot_stage_is_hidden_bounded_and_allows_a_foreground_writer ... ok
test store::control::tests::final_resolved_target_check_rejects_hold_retirement_and_changed_structure ... ok
test store::control::tests::review_operator_rebind_new_incarnation_then_absence ... ok
test store::control::tests::thread_names_store_validates_before_writes_and_allows_duplicate_create ... ok
test store::control::tests::thread_names_create_rename_clear_and_replay_keep_topic_and_authority ... ok
test store::control::tests::retirement_fence_is_immediate_and_cleanup_is_bounded_with_ordered_warnings ... ok
test store::control::tests::ordinary_resolution_enforces_durable_allocation_classes_after_reopen ... ok

test result: ok. 93 passed; 0 failed; 0 ignored; 0 measured; 2588 filtered out; finished in 1.07s
