   Compiling herdr-threads v0.2.12 (/Users/alepar/AleCode/herdr-threads/.worktrees/nudge-input-safety)
    Finished `test` profile [unoptimized + debuginfo] target(s) in 11.21s
     Running unittests src/lib.rs (target/debug/deps/herdr_threads-aa425b885727aee3)

running 70 tests
test host::native::tests::clear_key_failure_aborts ... ok
test host::native::tests::blocked_and_unrecognized_panes_make_no_composer_read ... ok
test host::native::tests::claude_text_fails_stash_before_any_key ... ok
test host::native::tests::cooperative_wake_refuses_claude_bound_seat_with_codex_agent ... ok
test host::native::tests::active_turn_poke_uses_the_declared_primitive ... ok
test host::native::tests::clear_not_verified_aborts ... ok
test host::native::tests::cooperative_wake_refuses_codex_bound_seat_with_claude_agent ... ok
test host::native::tests::clear_verifies_before_the_poke ... ok
test host::native::tests::cooperative_wake_refuses_codex_bound_seat_without_detected_agent ... ok
test host::native::tests::cooperative_wake_target_and_submission_fences_without_io ... ok
test host::native::tests::archival_observation_uses_composer_and_rejects_cancel_or_epoch_change ... ok
test host::native::tests::current_caller_uses_explicit_inherited_id_and_returns_live_moved_target ... ok
test host::native::tests::cooperative_wake_refuses_target_without_bound_harness ... ok
test host::native::tests::cooperative_wake_prompts_matching_bound_harness ... ok
test host::native::tests::during_turn_mode_still_refuses_a_blocked_agent ... ok
test host::native::tests::guarded_start_correlates_exact_direct_request_without_claiming_execution ... ok
test host::native::tests::cooperative_wake_unrecognised_prompt_error_is_unknown_without_replay ... ok
test host::native::tests::cooperative_wake_classifies_refused_and_unknown_submissions ... ok
test host::native::tests::guarded_start_rejects_unverified_changed_or_busy_preflight_without_dispatch ... ok
test host::native::tests::composer_settle_returns_unknown_when_cancelled ... ok
test host::native::tests::cooperative_wake_refuses_when_incarnation_or_epoch_moves_during_recheck ... ok
test host::native::tests::launch_agent_name_falls_back_to_short_seat_id ... ok
test host::native::tests::launch_agent_name_is_sanitized_to_herdr_rule ... ok
test host::native::tests::launch_agent_name_retry_fits_a_full_length_name ... ok
test host::native::tests::handoff_native_confirmed_refusal_has_not_submitted_evidence ... ok
test host::native::tests::nudge_safety_empty_window_boundaries_and_resets ... ok
test host::native::tests::guarded_start_retains_only_busy_as_confirmed_prestart_refusal ... ok
test host::native::tests::guarded_start_retries_taken_name_once_with_seat_suffix ... ok
test host::native::tests::cooperative_wake_prompts_recognized_idle_or_done_agent_after_recheck ... ok
test host::native::tests::guarded_start_cancelled_after_request_remains_unknown_and_closes_socket ... ok
test host::native::tests::nudge_safety_focused_empty_composer_starts_waiting_without_prompt ... ok
test host::native::tests::cooperative_wake_refuses_ineligible_agents_before_any_prompt ... ok
test host::native::tests::nudge_safety_status_only_idle_read_preserves_empty_window ... ok
test host::native::tests::nudge_safety_intervening_observed_draft_resets_empty_window ... ok
test host::native::tests::observation_carries_the_panes_focus_flag ... ok
test host::native::tests::observation_survives_a_failed_composer_read_as_unknown ... ok
test host::native::tests::nudge_safety_focused_empty_wakes_after_one_minute ... ok
test host::native::tests::nudge_safety_refuses_nonempty_or_unreadable_composer ... ok
test host::native::tests::pane_agent_maps_agent_get_with_session ... ok
test host::native::tests::pane_agent_not_found_is_absent ... ok
test host::native::tests::pane_agent_maps_agent_get_without_session ... ok
test host::native::tests::pane_names_failure_never_bumps_the_connection_epoch ... ok
test host::native::tests::pane_agent_other_error_is_read_error ... ok
test host::native::tests::restarted_host_process ... ok
test host::native::tests::read_failure_aborts_before_any_input ... ok
test host::native::tests::participant_locations_snapshot_is_witnessed_once_and_advisory_failure_keeps_epoch ... ok
test host::native::tests::ordinary_observation_makes_no_composer_read ... ok
test host::native::tests::stash_and_restore_refuse_a_changed_host_context ... ok
test host::native::tests::retype_failure_is_returned_for_the_dispatcher_to_log ... ok
test host::native::tests::stash_clears_until_the_composer_reads_empty ... ok
test host::native::wake_submission_tests::cleared_composer_reads_submitted ... ok
test host::native::wake_submission_tests::codex_cleared_composer_with_marker_in_history_reads_submitted ... ok
test host::native::wake_submission_tests::codex_composer_holding_marker_reads_holding_prompt ... ok
test host::native::wake_submission_tests::empty_or_blank_text_reads_unknown ... ok
test host::native::wake_submission_tests::composer_holding_marker_reads_holding_prompt ... ok
test host::native::wake_submission_tests::read_error_reads_unknown ... ok
test host::native::wake_submission_tests::marker_fifth_from_bottom_reads_submitted ... ok
test host::native::wake_submission_tests::without_prompt_line_marker_fifth_from_bottom_reads_submitted ... ok
test host::native::wake_submission_tests::without_prompt_line_marker_fourth_from_bottom_reads_holding ... ok
test host::native::wake_submission_tests::without_prompt_line_wrapped_marker_reads_holding ... ok
test host::native::wake_submission_tests::wrapped_marker_in_narrow_claude_box_reads_holding_prompt ... ok
test host::native::tests::unsafe_condition_from_findings_fails_stash ... ok
test host::native::tests::observation_classifies_idle_draft_and_working_panes ... ok
test host::native::tests::guarded_start_polls_named_agent_until_interactive_ready ... ok
test host::native::tests::launch_name_survives_agent_state_updates ... ok
test host::native::tests::pane_agent_failure_never_bumps_the_connection_epoch ... ok
test host::native::tests::early_exit_read_failure_never_bumps_the_connection_epoch ... ok
test host::native::tests::guarded_start_mismatched_or_unready_response_is_unknown ... ok
test host::native::tests::codex_early_exit_inside_the_observation_window_is_reported ... ok
test host::native::tests::composer_read_failure_never_bumps_the_connection_epoch ... ok

test result: ok. 70 passed; 0 failed; 0 ignored; 0 measured; 2592 filtered out; finished in 1.16s

