    Finished `test` profile [unoptimized + debuginfo] target(s) in 0.03s
     Running unittests src/lib.rs (target/debug/deps/herdr_threads-aa425b885727aee3)

running 91 tests
test scheduler::tests::closed_attention_episode_rejects_prompt_at_final_fence ... ok
test scheduler::tests::adapter_safe_target_must_preserve_fresh_incarnation ... ok
test scheduler::tests::cached_current_target_response_does_not_authorize_a_prompt ... ok
test scheduler::tests::blocked_or_human_input_target_is_never_prompted ... ok
test scheduler::tests::cooperative_reservation_rechecks_structure_and_never_crosses_bases ... ok
test scheduler::tests::cooperative_reservation_without_harness_is_not_prompted ... ok
test scheduler::tests::dispatch_state_applies_the_wake_limits_to_pokes ... ok
test scheduler::tests::dispatcher_passes_bound_harness_to_prompt_target ... ok
test scheduler::tests::cancellation_after_commit_completes_the_attempt_without_host_io ... ok
test scheduler::tests::durable_batch_cleanup_pages_untracked_windows_and_requeues_failed_check ... ok
test scheduler::tests::a_seat_with_an_active_wake_reservation_gets_no_poke ... ok
test scheduler::tests::delivered_prompt_stays_submitted_when_verification_outlives_the_lease ... ok
test scheduler::tests::batching_defers_reservation_and_host_without_postponing_later_arrivals ... ok
test scheduler::tests::actual_second_host_call_waits_thirty_seconds_after_completion_despite_wall_jumps_and_new_work ... ok
test scheduler::tests::four_global_slots_and_one_per_seat_release_only_matching_attempt ... ok
test scheduler::tests::failed_reservation_never_calls_host_and_remains_discoverable ... ok
test scheduler::tests::already_submitted_prompt_gets_no_retry ... ok
test scheduler::tests::elected_boot_recovers_stranded_attempt_then_waits_full_monotonic_delay ... ok
test scheduler::tests::active_turn_is_poked_only_where_the_recipe_declares_it ... ok
test scheduler::tests::held_prompt_completes_the_attempt_as_outcome_unknown ... ok
test scheduler::tests::incomplete_attention_never_reaches_reservation ... ok
test scheduler::tests::held_prompt_is_reported_not_retried ... ok
test scheduler::tests::failed_submission_leaves_soft_poked_at_unset ... ok
test scheduler::tests::idle_unfocused_target_gets_one_coalesced_poke ... ok
test scheduler::tests::logical_frontier_advances_once_during_inflight_attempt_and_survives_completion ... ok
test scheduler::tests::later_retry_shortens_only_for_a_new_same_kind_logical_obligation ... ok
test scheduler::tests::native_dispatch_rejects_changed_target_and_retirement_before_prompt ... ok
test scheduler::tests::newer_persisted_reservation_baseline_cannot_be_mistaken_for_new_attention ... ok
test scheduler::tests::human_input_with_stash_capability_skips_without_hook ... ok
test scheduler::tests::nonempty_composer_skips_before_stash_or_restore ... ok
test scheduler::tests::focused_or_unsafe_states_skip_and_retry_after_the_spacing ... ok
test scheduler::tests::next_due_at_reports_the_earliest_refusal_retry ... ok
test scheduler::tests::nudge_safety_held_prompt_is_reported_without_extra_enter ... ok
test scheduler::tests::ordinary_wake_never_reads_the_composer_but_a_poke_does ... ok
test scheduler::tests::poke_ignores_the_wake_retry_backoff ... ok
test scheduler::tests::poke_and_wake_due_send_one_prompt_with_poke_text ... ok
test scheduler::tests::pre_send_errors_are_refusals_by_class_and_never_reach_submit ... ok
test scheduler::tests::nudge_safety_pokes_never_stash_user_input ... ok
test scheduler::tests::refused_warning_wake_is_retried_not_offered ... ok
test scheduler::tests::repeated_candidate_discovery_retains_completion_anchor_and_attention_floor ... ok
test scheduler::tests::reservation_from_an_old_daemon_boot_never_occupies_a_slot ... ok
test scheduler::tests::restart_guard_uses_full_retained_delay_without_wall_clock_credit ... ok
test scheduler::tests::runner_commits_reservation_before_host_and_completes_without_receipt_mutation ... ok
test scheduler::tests::ineligible_seats_do_not_crowd_out_an_eligible_one ... ok
test scheduler::tests::safe_unregistered_recovery_hint_only_submits_the_fixed_marker ... ok
test scheduler::tests::scheduler_drives_due_work_while_native_prompt_waits ... ok
test scheduler::tests::seat_in_wake_backoff_past_its_soft_point_is_poked ... ok
test scheduler::tests::settled_and_already_offered_work_never_reserves_or_prompts ... ok
test scheduler::tests::skipped_poke_leaves_the_wake_guard_unchanged ... ok
test scheduler::tests::skipped_poke_waits_the_retry_spacing ... ok
test scheduler::tests::lease_expiry_cancels_and_joins_owned_transport_before_slot_release ... ok
test scheduler::tests::four_connected_owned_calls_block_a_fifth_until_their_transports_exit ... ok
test scheduler::tests::five_due_seats_send_at_most_four_active_prompts ... ok
test scheduler::tests::refusal_backoff_of_a_seat_that_left_the_listing_stops_reporting_a_due_time ... ok
test scheduler::tests::outcome_unknown_from_an_unsent_prompt_keeps_the_step_and_ignores_the_refusal_backoff ... ok
test scheduler::tests::pre_submit_prompt_error_restores_ladder_and_backs_off ... ok
test scheduler::tests::fence_miss_restores_nothing_and_keeps_memory_consistent ... ok
test scheduler::tests::crash_between_reserve_and_complete_keeps_the_advanced_step ... ok
test scheduler::tests::sqlite_claimed_settlement_counts_toward_four_slots_during_writer_wait ... ok
test scheduler::tests::sqlite_actual_wake_worker_retries_completion_and_yields_to_foreground ... ok
test scheduler::tests::refusals_back_off_without_climbing_the_ladder ... ok
test scheduler::tests::sqlite_failed_completion_allows_peer_progress_and_preserves_join_guard ... ok
test scheduler::tests::stale_attention_witness_is_rejected_by_reserving_store ... ok
test scheduler::tests::target_read_must_finish_before_its_seven_hundred_fifty_millisecond_deadline ... ok
test scheduler::tests::typed_draft_defers_poke_and_ordinary_wake ... ok
test scheduler::tests::unbound_target_is_not_poked ... ok
test scheduler::tests::unreserved_poke_waits_the_retry_spacing ... ok
test scheduler::tests::wake_outcome_contract::drive_outcome_has_no_verification_when_the_notifier_reports_none ... ok
test scheduler::tests::sqlite_initial_settlement_releases_runner_state_during_external_writer_wait ... ok
test scheduler::tests::wake_outcome_contract::scripted_states_advance_then_repeat_the_last ... ok
test scheduler::tests::wake_outcome_contract::sent_attempts_report_their_verification ... ok
test scheduler::tests::wake_outcome_contract::stale_verification_is_drained_and_never_reported_for_an_unsent_attempt ... ok
test scheduler::tests::wake_outcome_contract::unsent_after_retry_maps_to_outcome_unknown_and_reads_unsubmitted ... ok
test scheduler::tests::wake_outcome_contract::unsent_attempts_report_no_verification ... ok
test scheduler::tests::wake_outcome_contract::verified_maps_to_submitted ... ok
test scheduler::tests::sqlite_completed_frontier_shortens_retry_only_after_new_logical_publication ... ok
test scheduler::tests::sqlite_retry_settlement_releases_runner_state_during_external_writer_wait ... ok
test scheduler::tests::sqlite_external_writer_budget_errors_keep_exact_completion_retryable ... ok
test scheduler::tests::wake_without_an_eligible_poke_keeps_the_plain_marker_and_marks_nothing ... ok
test scheduler::tests::with_wake_over_typed_input_refuses_without_stash ... ok
test scheduler::tests::sqlite_contended_writer_cancellation_and_expiry_return_completion_claims ... ok
test scheduler::tests::sqlite_same_boot_retries_joined_completion_without_another_prompt_or_ack ... ok
test scheduler::tests::sqlite_reopen_recovers_old_boot_before_real_fake_host_attempt ... ok
test scheduler::tests::sqlite_repeated_completion_failures_keep_bounded_capacity_and_retry_work ... ok
test scheduler::tests::sqlite_late_joined_completion_cannot_clear_new_attempt_or_foreign_boot ... ok
test scheduler::tests::wake_outcome_seam::sent_and_verified_advances_one_step ... ok
test scheduler::tests::wake_outcome_seam::held_prompt_reports_unsubmitted_and_advances_exactly_one_step ... ok
test scheduler::tests::wake_outcome_seam::refused_pre_send_backs_off_without_advancing_the_ladder ... ok
test scheduler::tests::wake_outcome_contract::native_stub_reports_unknown ... ok
test scheduler::tests::sqlite_joined_completion_survives_attention_retirement_and_response_loss ... ok
test scheduler::tests::cooperative_overdue_warning_wakes_idle_native_agent_exactly_once ... ok

test result: ok. 91 passed; 0 failed; 0 ignored; 0 measured; 2570 filtered out; finished in 1.07s

