nice: setpriority: Operation not permitted
   Compiling libc v0.2.189
   Compiling proc-macro2 v1.0.107
   Compiling quote v1.0.47
   Compiling unicode-ident v1.0.24
   Compiling version_check v0.9.5
   Compiling typenum v1.20.1
   Compiling shlex v2.0.1
   Compiling find-msvc-tools v0.1.9
   Compiling serde_core v1.0.229
   Compiling pkg-config v0.3.33
   Compiling vcpkg v0.2.15
   Compiling utf8parse v0.2.2
   Compiling anstyle-parse v1.0.0
   Compiling colorchoice v1.0.5
   Compiling cc v1.3.0
   Compiling anstyle-query v1.1.5
   Compiling foldhash v0.2.0
   Compiling generic-array v0.14.7
   Compiling zmij v1.0.23
   Compiling getrandom v0.4.3
   Compiling anstyle v1.0.14
   Compiling is_terminal_polyfill v1.70.2
   Compiling cfg-if v1.0.4
   Compiling anstream v1.0.0
   Compiling hashbrown v0.16.1
   Compiling heck v0.5.0
   Compiling serde_json v1.0.151
   Compiling equivalent v1.0.2
   Compiling winnow v1.0.4
   Compiling clap_lex v1.1.0
   Compiling strsim v0.11.1
   Compiling serde v1.0.229
   Compiling hashbrown v0.17.1
   Compiling hashlink v0.11.1
   Compiling clap_builder v4.6.2
   Compiling libsqlite3-sys v0.37.0
   Compiling indexmap v2.14.0
   Compiling toml_parser v1.1.2+spec-1.1.0
   Compiling fallible-iterator v0.3.0
   Compiling fallible-streaming-iterator v0.1.9
   Compiling bitflags v2.13.1
   Compiling syn v3.0.2
   Compiling errno v0.3.14
   Compiling syn v2.0.119
   Compiling socket2 v0.6.5
   Compiling signal-hook-registry v1.4.8
   Compiling block-buffer v0.10.4
   Compiling crypto-common v0.1.7
   Compiling digest v0.10.7
   Compiling mio v1.2.2
   Compiling cpufeatures v0.2.17
   Compiling smallvec v1.15.2
   Compiling pin-project-lite v0.2.17
   Compiling bytes v1.12.1
   Compiling itoa v1.0.18
   Compiling memchr v2.8.3
   Compiling toml_writer v1.1.2+spec-1.1.0
   Compiling toml_datetime v1.1.1+spec-1.1.0
   Compiling uuid v1.24.0
   Compiling toml_edit v0.25.13+spec-1.1.0
   Compiling sha2 v0.10.9
   Compiling unicode-width v0.2.2
   Compiling serde_derive v1.0.229
   Compiling clap_derive v4.6.4
   Compiling tokio-macros v2.7.1
   Compiling tokio v1.53.1
   Compiling clap v4.6.4
   Compiling rusqlite v0.39.0
   Compiling herdr-threads v0.2.11 (/Users/alepar/AleCode/herdr-threads/.worktrees/handoff-workflows)
    Finished `test` profile [unoptimized + debuginfo] target(s) in 49.61s
     Running unittests src/lib.rs (target/debug/deps/herdr_threads-d68509100ae355ec)

running 3 tests
test protocol::output::tests::invitation_relevance_output_exposes_goal_or_exact_read_only_inspection ... FAILED
test store::queries::tests::invitation_relevance_inbox_supplies_canonical_goal_without_joining ... FAILED
test store::queries::tests::invitation_relevance_goal_yields_to_bounded_inspection_without_skipping ... FAILED

failures:

---- protocol::output::tests::invitation_relevance_output_exposes_goal_or_exact_read_only_inspection stdout ----

thread 'protocol::output::tests::invitation_relevance_output_exposes_goal_or_exact_read_only_inspection' (8687468) panicked at src/protocol/../../tests/protocol/output.rs:36:5:
invitation i-scope t-scope: Parser integration
  accept: herdr-threads --state-dir '/tmp/state dir' --host-endpoint /tmp/host.sock accept t-scope

note: run with `RUST_BACKTRACE=1` environment variable to display a backtrace

---- store::queries::tests::invitation_relevance_inbox_supplies_canonical_goal_without_joining stdout ----

thread 'store::queries::tests::invitation_relevance_inbox_supplies_canonical_goal_without_joining' (8687470) panicked at src/store/../../tests/store/queries.rs:565:5:
assertion `left == right` failed
  left: Null
 right: "Organize holiday catering"

---- store::queries::tests::invitation_relevance_goal_yields_to_bounded_inspection_without_skipping stdout ----

thread 'store::queries::tests::invitation_relevance_goal_yields_to_bounded_inspection_without_skipping' (8687469) panicked at src/store/../../tests/store/queries.rs:588:13:
assertion failed: String::from_utf8(encoded).unwrap().contains("inspect: herdr-threads thread show t")


failures:
    protocol::output::tests::invitation_relevance_output_exposes_goal_or_exact_read_only_inspection
    store::queries::tests::invitation_relevance_goal_yields_to_bounded_inspection_without_skipping
    store::queries::tests::invitation_relevance_inbox_supplies_canonical_goal_without_joining

test result: FAILED. 0 passed; 3 failed; 0 ignored; 0 measured; 2656 filtered out; finished in 0.09s

error: test failed, to rerun pass `--lib`
