nice: setpriority: Operation not permitted
   Compiling herdr-threads v0.2.11 (/Users/alepar/AleCode/herdr-threads/.worktrees/handoff-workflows)
    Finished `test` profile [unoptimized + debuginfo] target(s) in 14.65s
     Running unittests src/lib.rs (target/debug/deps/herdr_threads-d68509100ae355ec)

running 2 tests
test store::cooperative_checkin_tests::builtin_warning_dedup_open_clear_and_new_episode_are_offered_once ... FAILED
test store::cooperative_checkin_tests::builtin_warning_dedup_settles_only_carried_page_and_late_projection ... FAILED

failures:

---- store::cooperative_checkin_tests::builtin_warning_dedup_open_clear_and_new_episode_are_offered_once stdout ----

thread 'store::cooperative_checkin_tests::builtin_warning_dedup_open_clear_and_new_episode_are_offered_once' (8702829) panicked at src/store/../../tests/store/cooperative_checkin.rs:1995:5:
assertion `left == right` failed
  left: ([], false)
 right: (["ePraQuFKE"], false)
note: run with `RUST_BACKTRACE=1` environment variable to display a backtrace

---- store::cooperative_checkin_tests::builtin_warning_dedup_settles_only_carried_page_and_late_projection stdout ----

thread 'store::cooperative_checkin_tests::builtin_warning_dedup_settles_only_carried_page_and_late_projection' (8702830) panicked at src/store/../../tests/store/cooperative_checkin.rs:2042:5:
assertion `left == right` failed
  left: ([], false)
 right: (["eV8trh2lc", "eHZtUAmHr", "eSdzKHm2f", "ebVGk4MqO", "eyZTOG2y3", "enUIeqRZl", "eRO85pDHE", "eJ56eSnON", "eMDMRVEms", "ebOj8WMkh", "eZJYVFOoc", "evMr1np0J", "efW0fGpqe", "ettyLV1K1", "esNfs0PA3", "eGEaPaEBz"], true)


failures:
    store::cooperative_checkin_tests::builtin_warning_dedup_open_clear_and_new_episode_are_offered_once
    store::cooperative_checkin_tests::builtin_warning_dedup_settles_only_carried_page_and_late_projection

test result: FAILED. 0 passed; 2 failed; 0 ignored; 0 measured; 2659 filtered out; finished in 0.11s

error: test failed, to rerun pass `--lib`
