nice: setpriority: Operation not permitted
    Finished `test` profile [unoptimized + debuginfo] target(s) in 0.05s
     Running unittests src/lib.rs (target/debug/deps/herdr_threads-d68509100ae355ec)

running 115 tests
test store::connection::tests::archival_commit_counter_origin_does_not_collide_with_requests ... ok
test store::connection::tests::canonical_digest_ignores_object_insertion_order ... ok
test store::connection::tests::checked_deadline_rejects_zero_and_overflow ... ok
test store::connection::tests::archival_schema_audit_preserves_case_sensitive_terminal_state_literals ... ok
test store::connection::tests::b1_indexes_are_usable_by_name ... ok
test store::connection::tests::already_cancelled_query_setup_returns_cancelled ... ok
test store::connection::tests::creation_ordinals_and_retirement_cutover_are_immutable ... ok
test store::connection::tests::amended_v1_requires_goal_and_rejects_an_old_v1_file_without_rewriting_it ... ok
test store::connection::tests::amended_v1_has_provenance_and_hidden_publication_tables ... ok
test store::connection::tests::cancelled_during_query_schema_setup_reports_cancelled ... ok
test store::connection::tests::archival_schema_upgrade_21_and_22_preserves_history_and_starts_unqualified ... ok
test store::connection::tests::backfilled_rows_read_through_is_priority ... ok
test store::connection::tests::decision_and_eligibility_revisions_commit_and_rollback_together ... ok
test store::connection::tests::deadline_during_query_schema_setup_reports_deadline_exceeded ... ok
test store::connection::tests::accepted_requirement_requires_actor_on_update_and_direct_insert ... ok
test store::connection::tests::archival_schema_refuses_missing_or_weakened_guards_before_writing ... ok
test store::connection::tests::duplicate_event_key_cannot_suppress_another_threads_event ... ok
test store::connection::tests::decision_sample_controls_equality_and_late_warning_even_after_clock_moves ... ok
test store::connection::tests::deferred_clear_recipient_snapshot_excludes_member_joining_after_close ... ok
test store::connection::tests::direct_accepted_insert_requires_native_actor ... ok
test store::connection::tests::accepted_requirement_provenance_cannot_be_rewritten_on_revision_or_terminal_change ... ok
test store::connection::tests::fresh_store_lands_at_latest_with_the_evidence_tables ... ok
test store::connection::tests::delayed_warning_attribution_keeps_open_and_clear_actionable_in_order ... ok
test store::connection::tests::effective_retirement_fences_pending_rows_but_preserves_settled_provenance ... ok
test store::connection::tests::event_helper_rejects_invalid_structured_payload ... ok
test store::connection::tests::fresh_database_has_durable_settings_constraints_and_read_only_queries ... ok
test store::connection::tests::failed_decision_rolls_back_warning_and_wake_together ... ok
test store::connection::tests::fresh_database_has_catch_up_release_column ... ok
test store::connection::tests::filter_revision_updates_only_its_scope_in_the_transaction ... ok
test store::connection::tests::epoch_loss_opens_one_episode_and_later_registration_allows_a_new_one ... ok
test store::connection::tests::inserting_event_advances_timeline_revision_once ... ok
test store::connection::tests::fresh_database_has_thread_summary_schema ... ok
test store::connection::tests::human_waiver_closes_warned_receipt_without_acking_it ... ok
test store::connection::tests::invalidated_observation_opens_episode_even_with_stale_fresh_target_row ... ok
test store::connection::tests::invitation_publication_key_is_required_positive_and_immutable ... ok
test store::connection::tests::invitation_rejection_v21_upgrades_v20_without_rebuilding_history ... ok
test store::connection::tests::migration_waives_legacy_human_receipts_before_later_agent_mail ... ok
test store::connection::tests::fresh_and_main_v10_stores_share_the_v11_shape ... ok
test store::connection::tests::logical_message_keys_are_instance_scoped_and_thread_bound ... ok
test store::connection::tests::migration_applies_on_a_populated_store ... ok
test store::connection::tests::main_v10_store_upgrades_to_v11_with_both_migrations ... ok
test store::connection::tests::new_message_rows_cannot_claim_backfill_or_service_relay ... ok
test store::connection::tests::operation_replay_does_not_resample_or_run_apply ... ok
test store::connection::tests::message_contents_and_history_are_immutable ... ok
test store::connection::tests::read_connection_rejects_previous_experimental_schema_marker ... ok
test store::connection::tests::invitation_warning_clear_is_recorded_once_after_terminal_settlement ... ok
test store::connection::tests::one_decision_batch_allocates_distinct_global_event_offsets ... ok
test store::connection::tests::overdue_source_marker_event_and_job_commit_or_rollback_as_one ... ok
test store::connection::tests::missing_v1_index_is_rejected_without_replacement ... ok
test store::connection::tests::invitation_rejection_schema_audit_rejects_projection_guard_tampering ... ok
test store::connection::tests::query_cancellation_interrupts_only_its_connection ... ok
test store::connection::tests::query_lock_wait_uses_budget_remaining_after_connection_open ... ok
test store::connection::tests::query_setup_preserves_schema_and_corruption_errors ... ok
test store::connection::tests::query_lock_wait_stops_when_cancelled_after_connection_open ... ok
test store::connection::tests::receipt_thread_must_match_its_message_thread ... ok
test store::connection::tests::receipt_cutover_skips_unstarted_future_and_terminal_rows ... ok
test store::connection::tests::overlapping_waiver_sweeps_keep_each_conditions_first_close_time ... ok
test store::connection::tests::pending_terminal_requirement_cannot_invent_acceptance_provenance ... ok
test store::connection::tests::receipt_warning_condition_is_quiet_for_second_pending_source ... ok
test store::connection::tests::receipt_reopen_publishes_queued_clear_before_new_open ... ok
test store::connection::tests::receipt_warning_keys_distinguish_ids_containing_colons ... ok
test store::connection::tests::receipt_warning_condition_survives_writer_reopen ... ok
test store::connection::tests::receipt_warning_condition_clears_once_and_reopens_with_new_source ... ok
test store::connection::tests::startup_rejects_missing_or_altered_digest_index ... ok
test store::connection::tests::recovery_baseline_survives_new_target_observations_without_allocating_a_seat ... ok
test store::connection::tests::retirement_cursor_and_warning_roll_back_as_one_quantum ... ok
test store::connection::tests::startup_verification_rejects_a_tampered_b1_index ... ok
test store::connection::tests::snapshot_generations_are_hidden_until_one_active_pointer_switch ... ok
test store::connection::tests::service_author_and_requirement_acceptance_keep_explicit_provenance ... ok
test store::connection::tests::retirement_uses_fenced_cutover_and_never_enqueues_wake ... ok
test store::connection::tests::service_requirement_substrate_enforces_owner_link_and_one_effective_episode ... ok
test store::connection::tests::recent_activity_writer_rejects_missing_or_null_default ... ok
test store::connection::tests::task3_versionless_schema24_upgrades_preserves_history_and_audits_objects ... ok
test store::connection::tests::thread_names_migration_v19_preserves_ids_and_unnamed_rows ... ok
test store::connection::tests::task3_versionless_schema24_rejects_altered_table_and_missing_index ... ok
test store::connection::tests::startup_rejects_weakened_requirement_table_constraint ... ok
test store::connection::tests::user_intent_schema22_checks_and_eligibility ... ok
test store::connection::tests::startup_rejects_missing_or_altered_digest_projection ... ok
test store::connection::tests::structural_seat_proof_is_all_or_none_and_keeps_provenance ... ok
test store::connection::tests::target_generation_change_opens_episode_before_binding_reconciliation ... ok
test store::connection::tests::v10_allocation_decisions_accepts_b5_kinds ... ok
test store::connection::tests::target_observation_provenance_requires_complete_qualified_tuple ... ok
test store::connection::tests::v10_upgrade_backfills_author_role_from_the_covering_binding ... ok
test store::connection::tests::v11_survivors_recorded ... ok
test store::connection::tests::user_intent_schema22_fresh_and_v21_upgrade ... ok
test store::connection::tests::v13_database_upgrades_keeping_catch_up_rows ... ok
test store::connection::tests::v12_audit_rejects_a_missing_or_altered_evidence_table ... ok
test store::connection::tests::v1_history_migrates_once_with_native_and_builtin_authors_intact ... ok
test store::connection::tests::v14_preparations_get_fresh_grace_once_and_retention_shape_is_audited ... ok
test store::connection::tests::v2_database_migrates_to_additive_invitation_cancellations_and_voluntary_state_without_rewriting_history ... ok
test store::connection::tests::unknown_version_and_non_database_files_are_preserved ... ok
test store::connection::tests::startup_rejects_missing_or_weakened_acceptance_guard_without_history_changes ... ok
test store::connection::tests::unresolved_origin_is_explicit_and_cannot_attach_to_a_resolved_seat ... ok
test store::connection::tests::v5_upgrade_adds_index_for_failed_pending_retirements ... ok
test store::connection::tests::v3_required_only_shadow_recovers_prior_left_only_from_exact_leave_audit ... ok
test store::connection::tests::v4_database_adds_notification_schema_without_changing_existing_history ... ok
test store::connection::tests::v6_upgrade_adds_seat_and_thread_leading_digest_indexes ... ok
test store::connection::tests::startup_rejects_missing_or_weakened_actor_presence_checks ... ok
test store::connection::tests::v6_upgrade_carries_the_current_occupant_offer_into_the_notice_frontier ... ok
test store::connection::tests::v7_upgrade_backfills_only_pending_rows_into_the_digest_projections ... ok
test store::connection::tests::v9_upgrade_creates_b1_indexes_and_completed_at ... ok
test store::connection::tests::v5_startup_rejects_missing_or_weakened_notification_objects_without_mutation ... ok
test store::connection::tests::v8_upgrade_rebuilds_occupant_bindings_to_accept_a_human_occupant ... ok
test store::connection::tests::v9_store_with_rows_migrates_to_v10_preserving_allocation_history ... ok
test store::connection::tests::wake_batch_migration_from_v16_preserves_retry_history_and_human_waiver ... ok
test store::connection::tests::v9_upgrade_to_v11_drops_removed_only_tables ... ok
test store::connection::tests::v2_verification_rejects_a_weakened_effective_requirement_index ... ok
test store::connection::tests::wake_batch_schema_audit_rejects_missing_or_altered_clear_trigger ... ok
test store::connection::tests::writer_audit_rejects_missing_amended_v1_objects ... ok
test store::connection::tests::writer_lock_wait_precedes_decision_sample ... ok
test store::connection::tests::writer_guard_rejects_live_bindings_without_reconfirmation_evidence ... ok
test store::connection::tests::writer_startup_backfills_legacy_binding_evidence_only_from_matching_structural_proof ... ok
test store::connection::tests::unavailable_recovery_records_one_bounded_close_job_for_many_threads ... ok
test store::connection::tests::user_intent_schema22_rejects_column_or_guard_tampering ... ok
test store::connection::tests::requirement_acceptance_field_subsets_and_terminal_insert_shapes ... ok

test result: ok. 115 passed; 0 failed; 0 ignored; 0 measured; 2554 filtered out; finished in 5.81s

