docs/evidence/nudge-input-safety/active-turn/nudge-active-host-green.log:89: new blank line at EOF.
docs/evidence/nudge-input-safety/active-turn/nudge-active-native-green.log:67: new blank line at EOF.
docs/evidence/nudge-input-safety/active-turn/nudge-active-scheduler-green.log:134: new blank line at EOF.
docs/evidence/nudge-input-safety/active-turn/product.patch:56: trailing whitespace.
+ 
docs/evidence/nudge-input-safety/active-turn/product.patch:71: trailing whitespace.
+ 
docs/evidence/nudge-input-safety/active-turn/product.patch:112: trailing whitespace.
+ 
docs/evidence/nudge-input-safety/active-turn/product.patch:171: trailing whitespace.
+ 
docs/evidence/nudge-input-safety/active-turn/product.patch:237: trailing whitespace.
+ 
docs/evidence/nudge-input-safety/active-turn/product.patch:266: trailing whitespace.
+ 
docs/evidence/nudge-input-safety/active-turn/product.patch:337: trailing whitespace.
+ 
docs/evidence/nudge-input-safety/active-turn/product.patch:361: trailing whitespace.
+ 
docs/evidence/nudge-input-safety/active-turn/product.patch:368: trailing whitespace.
+ 
docs/evidence/nudge-input-safety/active-turn/product.patch:390: trailing whitespace.
+ 
docs/evidence/nudge-input-safety/active-turn/product.patch:408: trailing whitespace.
+ 
docs/evidence/nudge-input-safety/active-turn/product.patch:432: trailing whitespace.
+ 
docs/evidence/nudge-input-safety/active-turn/product.patch:442: trailing whitespace.
+ 
docs/evidence/nudge-input-safety/active-turn/product.patch:447: trailing whitespace.
+ 
docs/evidence/nudge-input-safety/active-turn/product.patch:471: trailing whitespace.
+ 
docs/evidence/nudge-input-safety/implementation/nudge-host-regressions.log:78: new blank line at EOF.
docs/evidence/nudge-input-safety/implementation/nudge-integration-latency-green.log:8: new blank line at EOF.
docs/evidence/nudge-input-safety/implementation/nudge-integration-sweep-green.log:13: new blank line at EOF.
docs/evidence/nudge-input-safety/implementation/nudge-integration-trust-green.log:20: new blank line at EOF.
docs/evidence/nudge-input-safety/implementation/nudge-scheduler-regressions.log:98: new blank line at EOF.
docs/evidence/nudge-input-safety/implementation/product.patch:126: trailing whitespace.
+ 
docs/evidence/nudge-input-safety/implementation/product.patch:144: trailing whitespace.
+ 
docs/evidence/nudge-input-safety/implementation/product.patch:153: trailing whitespace.
+ 
docs/evidence/nudge-input-safety/implementation/product.patch:170: trailing whitespace.
+ 
docs/evidence/nudge-input-safety/implementation/product.patch:292: trailing whitespace.
+ 
docs/evidence/nudge-input-safety/implementation/product.patch:322: trailing whitespace.
+ 
docs/evidence/nudge-input-safety/implementation/product.patch:591: trailing whitespace.
+ 
docs/evidence/nudge-input-safety/implementation/product.patch:682: trailing whitespace.
+ 
docs/evidence/nudge-input-safety/implementation/product.patch:829: trailing whitespace.
+ 
docs/evidence/nudge-input-safety/implementation/product.patch:839: trailing whitespace.
+ 
docs/evidence/nudge-input-safety/implementation/product.patch:955: trailing whitespace.
+ 
docs/evidence/nudge-input-safety/implementation/product.patch:978: trailing whitespace.
+ 
docs/evidence/nudge-input-safety/implementation/product.patch:981: trailing whitespace.
+ 
docs/evidence/nudge-input-safety/implementation/product.patch:999: trailing whitespace.
+ 
docs/evidence/nudge-input-safety/implementation/product.patch:1017: trailing whitespace.
+ 
docs/evidence/nudge-input-safety/implementation/product.patch:1047: trailing whitespace.
+ 
docs/evidence/nudge-input-safety/implementation/product.patch:1062: trailing whitespace.
+ 
docs/evidence/nudge-input-safety/implementation/product.patch:1065: trailing whitespace.
+ 
docs/evidence/nudge-input-safety/implementation/product.patch:1083: trailing whitespace.
+ 
docs/evidence/nudge-input-safety/implementation/product.patch:1130: trailing whitespace.
+ 
docs/evidence/nudge-input-safety/implementation/product.patch:1138: trailing whitespace.
+ 
docs/evidence/nudge-input-safety/implementation/product.patch:1171: trailing whitespace.
+ 
docs/evidence/nudge-input-safety/implementation/product.patch:1187: trailing whitespace.
+ 
