   Compiling herdr-threads v0.2.12 (/Users/alepar/AleCode/herdr-threads/.worktrees/nudge-input-safety-composed)
    Finished `test` profile [unoptimized + debuginfo] target(s) in 33.96s
     Running unittests src/lib.rs (/Users/alepar/AleCode/herdr-threads/.worktrees/nudge-input-safety/target/debug/deps/herdr_threads-aa425b885727aee3)

running 125 tests
test scheduler::deadlines::tests::default_and_override_durations_reject_zero_and_overflow ... ok
test scheduler::deadlines::tests::due_gets_first_turn_after_retirement_exhausts_shared_budget ... ok
test scheduler::deadlines::tests::default_tick_is_the_five_second_safety_tick_and_a_committed_change_bypasses_it ... ok
test scheduler::deadlines::tests::full_due_batch_continues_without_waiting_for_next_tick ... ok
test scheduler::deadlines::tests::long_suspend_scans_on_resume_without_a_utc_or_restart_guard ... ok
test scheduler::deadlines::tests::committed_change_requests_immediate_scan_between_timer_ticks ... ok
test scheduler::deadlines::tests::failing_work_job_does_not_pause_healthy_materialization ... ok
test scheduler::deadlines::tests::logical_decision_uses_store_time_across_pauses ... ok
test scheduler::deadlines::tests::durable_work_jobs_get_one_bounded_quantum_and_rotate_with_due_and_retirement ... ok
test scheduler::deadlines::tests::progressed_with_more_needs_unfinished_progress ... ok
test scheduler::deadlines::tests::tick_uses_store_decision_clock_at_exact_boundary_after_wall_jumps ... ok
test scheduler::deadlines::tests::zero_warning_progress_retains_exact_due_cursor_and_continues ... ok
test scheduler::deadlines::tests::pre_due_retirement_is_driven_before_post_suspend_due_scan ... ok
test scheduler::deadlines::tests::discovery_failure_and_backoff_do_not_block_due_ticks ... ok
test scheduler::deadlines::tests::retirement_jobs_rotate_retry_and_resume_without_blocking_due_scans ... ok
test scheduler::deadlines::tests::retained_retirement_quantum_error_is_reported_and_backed_off ... ok
test scheduler::deadlines::tests::stale_retirement_cursor_restarts_discovery_after_backoff ... ok
test scheduler::deadlines::tests::persistent_retirement_failure_allows_healthy_jobs_and_due_work_under_foreground_load ... ok
test scheduler::deadlines::tests::work_retry_cache_is_bounded_and_keeps_discovery_moving ... ok
test scheduler::deadlines::tests::committed_work_prefix_error_is_visible_and_retries_at_exact_cooldown ... ok
test scheduler::deadlines::tests::failed_invitation_phase_backs_off_while_receipts_keep_scanning ... ok
test scheduler::poke_flow::one_coalesced_poke_after_the_soft_point ... ok
test scheduler::poke_flow::human_bound_seat_costs_no_reservation ... ok
test scheduler::tests::a_seat_with_an_active_wake_reservation_gets_no_poke ... ok
test scheduler::tests::active_turn_is_poked_only_where_the_recipe_declares_it ... ok
test scheduler::tests::actual_second_host_call_waits_thirty_seconds_after_completion_despite_wall_jumps_and_new_work ... ok
test scheduler::tests::adapter_safe_target_must_preserve_fresh_incarnation ... ok
test scheduler::tests::already_submitted_prompt_gets_no_retry ... ok
test scheduler::tests::batching_defers_reservation_and_host_without_postponing_later_arrivals ... ok
test scheduler::tests::blocked_or_human_input_target_is_never_prompted ... ok
test scheduler::tests::cached_current_target_response_does_not_authorize_a_prompt ... ok
test scheduler::tests::cancellation_after_commit_completes_the_attempt_without_host_io ... ok
test scheduler::tests::closed_attention_episode_rejects_prompt_at_final_fence ... ok
test scheduler::poke_flow::poked_receipt_is_not_rearmed_by_a_later_extension ... ok
test scheduler::tests::cooperative_reservation_rechecks_structure_and_never_crosses_bases ... ok
test scheduler::tests::cooperative_reservation_without_harness_is_not_prompted ... ok
test scheduler::poke_flow::production_shaped_idle_observation_is_poked ... ok
test scheduler::tests::delivered_prompt_stays_submitted_when_verification_outlives_the_lease ... ok
test scheduler::tests::dispatch_state_applies_the_wake_limits_to_pokes ... ok
test scheduler::tests::dispatcher_matrix_decides_submit_stash_or_skip ... ok
test scheduler::tests::dispatcher_passes_bound_harness_to_prompt_target ... ok
test scheduler::tests::durable_batch_cleanup_pages_untracked_windows_and_requeues_failed_check ... ok
test scheduler::tests::elected_boot_recovers_stranded_attempt_then_waits_full_monotonic_delay ... ok
test scheduler::tests::failed_reservation_never_calls_host_and_remains_discoverable ... ok
test scheduler::tests::failed_submission_leaves_soft_poked_at_unset ... ok
test scheduler::poke_flow::extension_moves_the_soft_point_later ... ok
test scheduler::poke_flow::hard_deadline_warning_fires_on_the_effective_deadline_after_skips ... ok
test scheduler::tests::focused_or_unsafe_states_skip_and_retry_after_the_spacing ... ok
test scheduler::poke_flow::frozen_wake_lane_neither_reads_nor_pokes_until_recovery ... ok
test scheduler::tests::four_global_slots_and_one_per_seat_release_only_matching_attempt ... ok
test scheduler::tests::human_input_with_stash_capability_uses_inert_hook_and_skips ... ok
test scheduler::tests::idle_unfocused_target_gets_one_coalesced_poke ... ok
test scheduler::tests::incomplete_attention_never_reaches_reservation ... ok
test scheduler::tests::ineligible_seats_do_not_crowd_out_an_eligible_one ... ok
test scheduler::tests::later_retry_shortens_only_for_a_new_same_kind_logical_obligation ... ok
test scheduler::tests::four_connected_owned_calls_block_a_fifth_until_their_transports_exit ... ok
test scheduler::tests::logical_frontier_advances_once_during_inflight_attempt_and_survives_completion ... ok
test scheduler::tests::native_dispatch_rejects_changed_target_and_retirement_before_prompt ... ok
test scheduler::tests::newer_persisted_reservation_baseline_cannot_be_mistaken_for_new_attention ... ok
test scheduler::tests::next_due_at_reports_the_earliest_refusal_retry ... ok
test scheduler::tests::ordinary_wake_never_reads_the_composer_but_a_poke_does ... ok
test scheduler::tests::lease_expiry_cancels_and_joins_owned_transport_before_slot_release ... ok
test scheduler::tests::five_due_seats_send_at_most_four_active_prompts ... ok
test scheduler::tests::poke_ignores_the_wake_retry_backoff ... ok
test scheduler::tests::poke_and_wake_due_send_one_prompt_with_poke_text ... ok
test scheduler::tests::pre_send_errors_are_refusals_by_class_and_never_reach_submit ... ok
test scheduler::poke_flow::active_turn_pokes_only_with_the_capability ... ok
test scheduler::tests::refused_warning_wake_is_retried_not_offered ... ok
test scheduler::tests::repeated_candidate_discovery_retains_completion_anchor_and_attention_floor ... ok
test scheduler::tests::reservation_from_an_old_daemon_boot_never_occupies_a_slot ... ok
test scheduler::tests::restart_guard_uses_full_retained_delay_without_wall_clock_credit ... ok
test scheduler::tests::runner_commits_reservation_before_host_and_completes_without_receipt_mutation ... ok
test scheduler::tests::safe_unregistered_recovery_hint_only_submits_the_fixed_marker ... ok
test scheduler::tests::scheduler_drives_due_work_while_native_prompt_waits ... ok
test scheduler::tests::seat_in_wake_backoff_past_its_soft_point_is_poked ... ok
test scheduler::tests::settled_and_already_offered_work_never_reserves_or_prompts ... ok
test scheduler::tests::skipped_poke_leaves_the_wake_guard_unchanged ... ok
test scheduler::tests::skipped_poke_waits_the_retry_spacing ... ok
test scheduler::poke_flow::production_shaped_draft_observation_is_stashed_only_with_the_capability ... ok
test scheduler::tests::refusal_backoff_of_a_seat_that_left_the_listing_stops_reporting_a_due_time ... ok
test scheduler::tests::outcome_unknown_from_an_unsent_prompt_keeps_the_step_and_ignores_the_refusal_backoff ... ok
test scheduler::tests::crash_between_reserve_and_complete_keeps_the_advanced_step ... ok
test scheduler::tests::fence_miss_restores_nothing_and_keeps_memory_consistent ... ok
test scheduler::poke_flow::stash_order_with_test_only_capabilities ... ok
test scheduler::tests::refusals_back_off_without_climbing_the_ladder ... ok
test scheduler::tests::sqlite_actual_wake_worker_retries_completion_and_yields_to_foreground ... ok
test scheduler::tests::sqlite_initial_settlement_releases_runner_state_during_external_writer_wait ... ok
test scheduler::tests::sqlite_claimed_settlement_counts_toward_four_slots_during_writer_wait ... ok
test scheduler::tests::sqlite_failed_completion_allows_peer_progress_and_preserves_join_guard ... ok
test scheduler::tests::sqlite_completed_frontier_shortens_retry_only_after_new_logical_publication ... ok
test scheduler::tests::sqlite_external_writer_budget_errors_keep_exact_completion_retryable ... ok
test scheduler::tests::stale_attention_witness_is_rejected_by_reserving_store ... ok
test scheduler::tests::stash_restore_failure_is_kept_as_a_diagnostic_with_the_typed_text ... ok
test scheduler::tests::still_unsent_after_retry_is_reported_not_looped ... ok
test scheduler::tests::sqlite_retry_settlement_releases_runner_state_during_external_writer_wait ... ok
test scheduler::tests::target_read_must_finish_before_its_seven_hundred_fifty_millisecond_deadline ... ok
test scheduler::tests::typed_draft_skips_the_poke_but_not_the_ordinary_wake ... ok
test scheduler::tests::unbound_target_is_not_poked ... ok
test scheduler::tests::unreserved_poke_waits_the_retry_spacing ... ok
test scheduler::tests::unsent_after_retry_completes_the_attempt_as_outcome_unknown ... ok
test scheduler::tests::unsent_prompt_gets_exactly_one_submit_key_retry_then_verified ... ok
test scheduler::tests::wake_outcome_contract::drive_outcome_has_no_verification_when_the_notifier_reports_none ... ok
test scheduler::tests::sqlite_contended_writer_cancellation_and_expiry_return_completion_claims ... ok
test scheduler::tests::wake_outcome_contract::scripted_states_advance_then_repeat_the_last ... ok
test scheduler::tests::wake_outcome_contract::sent_attempts_report_their_verification ... ok
test scheduler::tests::wake_outcome_contract::stale_verification_is_drained_and_never_reported_for_an_unsent_attempt ... ok
test scheduler::tests::wake_outcome_contract::unsent_after_retry_maps_to_outcome_unknown_and_reads_unsubmitted ... ok
test scheduler::tests::wake_outcome_contract::unsent_attempts_report_no_verification ... ok
test scheduler::tests::wake_outcome_contract::verified_maps_to_submitted ... ok
test scheduler::tests::sqlite_reopen_recovers_old_boot_before_real_fake_host_attempt ... ok
test scheduler::poke_flow::skips_leave_the_receipt_unpoked_and_the_next_idle_evaluation_pokes ... ok
test scheduler::tests::sqlite_repeated_completion_failures_keep_bounded_capacity_and_retry_work ... ok
test scheduler::tests::wake_without_an_eligible_poke_keeps_the_plain_marker_and_marks_nothing ... ok
test scheduler::tests::with_wake_over_typed_input_sends_the_plain_marker_without_stash ... ok
test scheduler::tests::sqlite_same_boot_retries_joined_completion_without_another_prompt_or_ack ... ok
test scheduler::tests::sqlite_late_joined_completion_cannot_clear_new_attempt_or_foreign_boot ... ok
test scheduler::tests::submit_prompt_error_keeps_todays_mapping ... ok
test scheduler::poke_flow::refused_reservation_backs_off ... ok
test scheduler::tests::wake_outcome_seam::sent_and_verified_advances_one_step ... ok
test scheduler::poke_flow::unknown_observation_backs_off ... ok
test scheduler::tests::wake_outcome_seam::refused_pre_send_backs_off_without_advancing_the_ladder ... ok
test scheduler::tests::wake_outcome_seam::unsubmitted_after_retry_reports_unsubmitted_and_advances_exactly_one_step ... ok
test scheduler::tests::wake_outcome_contract::native_stub_reports_unknown ... ok
test scheduler::tests::sqlite_joined_completion_survives_attention_retirement_and_response_loss ... ok
test scheduler::tests::cooperative_overdue_warning_wakes_idle_native_agent_exactly_once ... ok

test result: ok. 125 passed; 0 failed; 0 ignored; 0 measured; 2544 filtered out; finished in 1.31s

